graph TD
	1["prog"] --> 2["classDef"]
	2 --> 3["class"]
	2 --> 4["T"]
	2 --> 5["{"]
	2 --> 6["member"]
	2 --> 7["member"]
	7 --> 8["int"]:::error
	2 --> 9["member"]
	9 --> 10["int"]
	9 --> 11["i"]
	9 --> 12[";"]
	2 --> 13["}"]

classDef default fill:#fff,stroke:#000,stroke-width:0.25px;
classDef error color:#fff,fill:#FF0000,stroke:#000,stroke-width:0.25px;