graph TD
	1["file"] --> 2["group"]
	2 --> 3["2"]
	2 --> 4["sequence"]
	4 --> 5["9"]
	4 --> 6["10"]
	1 --> 7["group"]
	7 --> 8["3"]
	7 --> 9["sequence"]
	9 --> 10["1"]
	9 --> 11["2"]
	9 --> 12["3"]
