line 1:9 rule ints exceed max 4
(vec4 [ (ints 1 , 2 , 3 , 4 , 5 , 6) ])