[@0,0:0='{',<1>,1:0]
[@1,1:2='99',<4>,1:1]
[@2,3:3=',',<2>,1:3]
[@3,5:5='3',<4>,1:5]
[@4,6:6=',',<2>,1:6]
[@5,8:10='451',<4>,1:8]
[@6,11:11='}',<3>,1:11]
[@7,12:11='<EOF>',<-1>,1:12]