line 1:14 Can't choose between alternatives
class T