line 1:8 Too many parentheses.
(stat (fcall f ( (expr ( (expr 34) )) ) )) ;)