line 1:6 Missing closing ')'.
(stat (fcall f ( (expr ( (expr 34) ))) ;)