graph TD
	1["file"] --> 2["prop"]
	2 --> 3["user"]
	2 --> 4["="]
	2 --> 5["#0034;parrt#0034;"]
	2 --> 6["#0092;r#0092;n"]
	1 --> 7["prop"]
	7 --> 8["machine"]
	7 --> 9["="]
	7 --> 10["#0034;maniac#0034;"]
	7 --> 11["#0092;r#0092;n"]
