graph TD
	1["prog"] --> 2["classDef"]
	2 --> 3["class"]
	2 --> 4["T"]
	2 --> 5[";"]:::error
	2 --> 6["{"]
	2 --> 7["member"]
	7 --> 8["int"]
	7 --> 9["i"]
	7 --> 10[";"]
	2 --> 11["}"]

classDef default fill:#fff,stroke:#000,stroke-width:0.25px;
classDef error color:#fff,fill:#FF0000,stroke:#000,stroke-width:0.25px;