line 2:18 mismatched input '4' expecting ';'
method: f
class T