line 1:8 extraneous input ';' expecting '{'
var i
class T