line 1:14 no viable alternative at input 'int;'
class T