(file (hdr (row (field Details) , (field Month) , (field Amount) \r \n)) (row (field Mid Bonus) , (field June) , (field "$2,000") \r \n) (row field , (field January) , (field """zippo""") \r \n) (row (field Total Bonuses) , (field "") , (field "$5,000") \r \n))