
<description>An imaginary server config file</description>
<logs>
<level>verbose</level>
<dir>/var/log</dir>
</logs>
<host>antlr.org</host>
<admin>
<element>
<element>parrt</element>
<element>pirrt</element>
</element>
<element>tombu</element>
</admin>
<aliases></aliases>
