graph TD
	1["prog"] --> 2["stat"]
	2 --> 3["expr"]
	3 --> 4["("]
	3 --> 5["expr"]
	5 --> 6["expr"]
	6 --> 7["1"]
	5 --> 8["+"]
	5 --> 9["expr"]
	9 --> 10["2"]
	3 --> 11["#0060;missing ')'#0062;"]
	2 --> 12["#0092;r#0092;n"]
	1 --> 13["stat"]
	13 --> 14["expr"]
	14 --> 15["expr"]
	15 --> 16["34"]
	14 --> 17["*"]
	14 --> 18["expr"]
	18 --> 19["69"]
	13 --> 20["#0092;r#0092;n"]
