graph TD
	1["expr"] --> 2["a"]
	1 --> 3["["]
	1 --> 4["expr"]
	4 --> 5["1"]
	1 --> 6["]"]

classDef default fill:#fff,stroke:#000,stroke-width:0.25px;
classDef error color:#fff,fill:#FF0000,stroke:#000,stroke-width:0.25px;