graph TD
	1["expr"] --> 2["("]
	1 --> 3["expr"]
	3 --> 4["a"]
	3 --> 5["["]
	3 --> 6["expr"]
	6 --> 7["1"]
	3 --> 8["]"]
	1 --> 9[")"]
