[@0,0:0='[',<5>,1:0]
[@1,1:1='1',<11>,1:1]
[@2,2:2=',',<2>,1:2]
[@3,3:10='"\u0049"',<10>,1:3]
[@4,11:11=',',<2>,1:11]
[@5,12:16='1.3e9',<11>,1:12]
[@6,17:17=']',<6>,1:17]
[@7,18:17='<EOF>',<-1>,1:18]