(json (array [ (value 1) , (value "\u0049") , (value 1.3e9) ]))