graph TD
	1["file"] --> 2["varDecl"]
	2 --> 3["type"]
	3 --> 4["int"]
	2 --> 5["a"]
	2 --> 6["="]
	2 --> 7["expr"]
	7 --> 8["expr"]
	8 --> 9["-"]
	8 --> 10["expr"]
	10 --> 11["x"]
	7 --> 12["+"]
	7 --> 13["expr"]
	13 --> 14["y"]
	2 --> 15[";"]

classDef default fill:#fff,stroke:#000,stroke-width:0.25px;
classDef error color:#fff,fill:#FF0000,stroke:#000,stroke-width:0.25px;