graph TD
	1["file"] --> 2["varDecl"]
	2 --> 3["type"]
	3 --> 4["float"]
	2 --> 5["b"]
	2 --> 6["="]
	2 --> 7["expr"]
	7 --> 8["-"]
	7 --> 9["expr"]
	9 --> 10["a"]
	9 --> 11["["]
	9 --> 12["expr"]
	12 --> 13["i"]
	9 --> 14["]"]
	2 --> 15[";"]

classDef default fill:#fff,stroke:#000,stroke-width:0.25px;
classDef error color:#fff,fill:#FF0000,stroke:#000,stroke-width:0.25px;