line 1:8 extraneous input 'XYZ' expecting '{'
class T XYZ {
        ^^^
line 2:4 no viable alternative at input 'int;'
int ;
    ^
class T