rule stack: [stat]
line 1:3 at [@3,3:3=';',<1>,1:3]: reportAttemptingFullContext d=0 (stat), input='f();'
rule stack: [stat]
line 1:3 at [@3,3:3=';',<1>,1:3]: reportAmbiguity d=0 (stat): ambigAlts={1, 2}, input='f();'