graph TD
	1["init"] --> 2["{"]
	1 --> 3["value"]
	3 --> 4["1"]
	1 --> 5[","]
	1 --> 6["value"]
	6 --> 7["init"]
	7 --> 8["{"]
	7 --> 9["value"]
	9 --> 10["2"]
	7 --> 11[","]
	7 --> 12["value"]
	12 --> 13["3"]
	7 --> 14["}"]
	1 --> 15[","]
	1 --> 16["value"]
	16 --> 17["4"]
	1 --> 18["}"]
