graph TD
	1["expr"] --> 2["expr"]
	2 --> 3["expr"]
	3 --> 4["1"]
	2 --> 5["*"]
	2 --> 6["expr"]
	6 --> 7["2"]
	1 --> 8["*"]
	1 --> 9["expr"]
	9 --> 10["3"]
