graph TD
	1["expr"] --> 2["expr"]
	2 --> 3["1"]
	1 --> 4["^"]
	1 --> 5["expr"]
	5 --> 6["expr"]
	6 --> 7["2"]
	5 --> 8["^"]
	5 --> 9["expr"]
	9 --> 10["3"]

classDef default fill:#fff,stroke:#000,stroke-width:0.25px;
classDef error color:#fff,fill:#FF0000,stroke:#000,stroke-width:0.25px;