line 1:6 extraneous input '9' expecting ID
(prog (classDef class 9 T { (member int i ;) }))